// Jest Snapshot v1, https://goo.gl/fbAQLP

exports[`debug-loader 1`] = `
"
🏁  [1mSTART[22m ./tests/fixtures/example.js 
    [1mexport default () => {[22m
[1m      console.log('Hello World!')[22m
[1m    }[22m
[1m[22m 
🏁  [1mEND[22m ./tests/fixtures/example.js
"
`;
